// Jest Snapshot v1, https://goo.gl/fbAQLP

exports[`Not Found Page 1`] = `
<div>
  404! - 
  <Link
    replace={false}
    to="/"
  >
    Go to
  </Link>
</div>
`;
